<?xml version="1.0" encoding="utf-8"?>
<resources>
  <string name="app_name">Confetti Sample App</string>
  <string name="go">Snap</string>
</resources>
